Servicelog ID:      1
Log Timestamp:      Wed Apr 12 12:58:50 2017
Event Timestamp:    Thu Jan 20 03:03:13 2005
Update Timestamp:   Wed Apr 12 13:58:50 2017
Type:               Power Platform (RTAS) Event
Severity:           4 (WARNING)
Platform:           ppc64
Model/Serial:       9123-710/100035A
Node Name:          tuleta4u-lp13.aus.stglabs.ibm.com
Reference Code:     #651300
Serviceable Event:  No
Predictive Event:   Yes
Disposition:        0 (Recoverable)
Call Home Status:   0 (None Needed)
Status:             Closed
Action Flags:       0100
Event Type:         227 - Resource Deallocation Event
Kernel ID:          1000
Platform ID:        00000083
Creator ID:         L - Partition Firmware
Subsystem ID:       83 - Platform firmware
RTAS Severity:      20 - Predictive Error, general
Event Subtype:      80 - Dynamic Reconfiguration Event

Extended Reference Codes:
2: 00000000  3: 00000000  4: 00000000  5: 00000000
6: 00000000  7: 00000000  8: 00000000  9: 00000000

Description:
Platform Firmware Predictive Error, general. Refer to the system service documentation for more information.

Predictive CPU Failure: deallocated 20 entitled capacity units

