
 Slider LFF/SFF status structure size :

element_status_byte0 1
slider_disk_status 4
power_supply_status 4
fan_status 4
slider_fan_set 32
temperature_sensor_status 4
slider_enc_service_ctrl_status 4
enclosure_status 4
voltage_sensor_status 4
slider_voltage_sensor_set 16
slider_sas_expander_status 4
slider_sas_connector_status 4
slider_midplane_status 4
slider_phy_status 4
slider_phy_set 144
slider_statesave_buffer_status 4
slider_cpld_status 4
slider_input_power_status 4
slider_lff_diag_page2 628
slider_sff_diag_page2 676


 Slider LFF/SFF cntrl structure size :
common_ctrl 1
slider_disk_ctrl 4
slider_power_supply_ctrl 4
fan_ctrl 4
slider_fan_ctrl_set 32
slider_temperature_sensor_ctrl 4
slider_temperature_sensor_ctrl_set 44
esm_ctrl 4
enclosure_ctrl 4
slider_voltage_sensor_ctrl 4
slider_voltage_sensor_ctrl_set 16
slider_sas_expander_ctrl 4
slider_sas_connector_ctrl 4
slider_midplane_ctrl 4
slider_phy_ctrl 4
slider_phy_ctrl_set 144
slider_statesave_buffer_ctrl 4
slider_cpld_ctrl 4
slider_input_power_ctrl 4
slider_lff_ctrl_page2 628
slider_sff_ctrl_page2 676

Slider LFF status element offset :
overall_disk_status 8
disk_status 12
overall_power_status 60
ps_status 64
overall_fan_status 72
fan_sets 76
overall_temp_sensor_status 140
temp_sensor_sets 144
overall_enc_service_ctrl_status 188
enc_service_ctrl_element 192
overall_encl_status 200
encl_element 204
overall_voltage_status 208
voltage_sensor_sets 212
overall_sas_expander_status 244
sas_expander_element 248
overall_sas_connector_status 256
sas_connector_status 260
overall_midplane_status 284
midplane_element_status 288
overall_phy_status 292
phy_sets 296
overall_ssb_status 584
ssb_element 588
overall_cpld_status 596
cpld_element 600
overall_input_power_status 608
input_power_element 612

Slider SFF status element offset :
overall_disk_status 8
disk_status 12
overall_power_status 108
ps_status 112
overall_fan_status 120
fan_sets 124
overall_temp_sensor_status 188
temp_sensor_sets 192
overall_enc_service_ctrl_status 236
enc_service_ctrl_element 240
overall_encl_status 248
encl_element 252
overall_voltage_status 256
voltage_sensor_sets 260
overall_sas_expander_status 292
sas_expander_element 296
overall_sas_connector_status 304
sas_connector_status 308
overall_midplane_status 332
midplane_element_status 336
overall_phy_status 340
phy_sets 344
overall_ssb_status 632
ssb_element 636
overall_cpld_status 644
cpld_element 648
overall_input_power_status 656
input_power_element 660

Slider LFF cntrl element offset :
overall_disk_ctrl 8
disk_ctrl 12
overall_power_ctrl 60
ps_ctrl 64
overall_fan_ctrl 72
fan_sets 76
overall_temp_sensor_ctrl 140
temp_sensor_sets 144
overall_enc_service_ctrl_ctrl 188
enc_service_ctrl_element 192
overall_encl_ctrl 200
encl_element 204
overall_voltage_ctrl 208
voltage_sensor_sets 212
overall_sas_expander_ctrl 244
sas_expander_element 248
overall_sas_connector_ctrl 256
sas_connector_ctrl 260
overall_midplane_ctrl 284
midplane_element_ctrl 288
overall_phy_ctrl 292
phy_sets 296
overall_ssb_ctrl 584
ssb_elemnet 588
overall_cpld_ctrl 596
cpld_ctrl_element 600
overall_input_power_ctrl 608
input_power_ctrl_element 612

Slider SFF cntrl element offset :
overall_disk_ctrl 8
disk_ctrl 12
overall_power_ctrl 108
ps_ctrl 112
overall_fan_ctrl 120
fan_sets 124
overall_temp_sensor_ctrl 188
temp_sensor_sets 192
overall_enc_service_ctrl_ctrl 236
enc_service_ctrl_element 240
overall_encl_ctrl 248
encl_element 252
overall_voltage_ctrl 256
voltage_sensor_sets 260
overall_sas_expander_ctrl 292
sas_expander_element 296
overall_sas_connector_ctrl 304
sas_connector_ctrl 308
overall_midplane_ctrl 332
midplane_element_ctrl 336
overall_phy_ctrl 340
phy_sets 344
overall_ssb_ctrl 632
ssb_elemnet 636
overall_cpld_ctrl 644
cpld_ctrl_element 648
overall_input_power_ctrl 656
input_power_ctrl_element 660
