element_status_byte0 1
overall_disk_status_byte1 1
disk_element_status_byte1 1
disk_status 4
enclosure_status 4
esm_status 4
temperature_sensor_status 4
temperature_sensor_set 28
fan_status 4
fan_set 20
power_supply_status 4
voltage_sensor_status 4
voltage_sensor_set 8
sas_connector_status 4
scc_controller_overall_status 4
scc_controller_element_status 4
midplane_status 4
bluehawk_diag_page2 328

overall_disk_status 8
disk_status 12
overall_enclosure_status 132
enclosure_element_status 136
overall_esm_status 140
esm_status 144
overall_temp_sensor_status 152
temp_sensor_sets 156
overall_fan_status 212
fan_sets 216
overall_power_status 256
ps_status 260
overall_voltage_status 268
voltage_sensor_sets 272
overall_sas_connector_status 288
sas_connector_status 292
overall_scc_controller_status 308
scc_controller_status 312
overall_midplane_status 320
midplane_element_status 324

common_ctrl 1
disk_ctrl 4
enclosure_ctrl 4
esm_ctrl 4
fan_ctrl 4
fan_ctrl_set 20
power_supply_ctrl 4
sas_connector_ctrl 4
scc_controller_ctrl 4
midplane_ctrl 4
bluehawk_ctrl_page2 328

overall_disk_ctrl 8
disk_ctrl 12
overall_enclosure_ctrl 132
enclosure_element_ctrl 136
overall_esm_ctrl 140
esm_ctrl 144
temperature_sensor_ctrl 152
overall_fan_ctrl 212
fan_sets 216
overall_power_ctrl 256
ps_ctrl 260
voltage_sensor_ctrl 268
overall_sas_connector_ctrl 288
sas_connector_ctrl 292
overall_scc_controller_ctrl 308
scc_controller_ctrl 312
overall_midplane_ctrl 320
midplane_element_ctrl 324
