element_status_byte0 1
overall_disk_status_byte1 1
disk_element_status_byte1 1
disk_status 4
enclosure_status 4
esm_status 4
temperature_sensor_status 4
hr_temperature_sensor_set 16
fan_status 4
hr_fan_set 32
power_supply_status 4
voltage_sensor_status 4
hr_voltage_sensor_set 12
hr_diag_page2 272

overall_disk_status 8
disk_status 12
overall_enclosure_status 108
enclosure_element_status 112
overall_esm_status 116
esm_status 120
temp_sensor_overall_status 128
temp_sensor_sets 132
cooling_element_overall_status 164
fan_sets 168
power_supply_overall_status 232
ps_status 236
voltage_sensor_overall_status 244
voltage_sensor_sets 248

common_ctrl 1
hr_disk_ctrl 4
enclosure_ctrl 4
esm_ctrl 4
fan_ctrl 4
hr_fan_ctrl_set 32
power_supply_ctrl 4
hr_ctrl_page2 272

overall_disk_ctrl 8
disk_ctrl 12
overall_enclosure_ctrl 108
enclosure_element_ctrl 112
overall_esm_ctrl 116
esm_ctrl 120
temperature_sensor_ctrl 128
overall_fan_ctrl 164
fan_sets 168
overall_power_supply_ctrl 232
ps_ctrl 236
voltage_sensor_ctrl 244
